[2026-05-23T13:29:09.517Z] Error: Core weather forecast API failed
Stack: Error: Core weather forecast API failed
    at GET (D:\PROJECTS@\AgroInsight\frontend\.next\dev\server\chunks\[root-of-the-server]__0ncj0w.._.js:187:19)
    at process.processTicksAndRejections (node:internal/process/task_queues:95:5)
    at async AppRouteRouteModule.do (D:\PROJECTS@\AgroInsight\frontend\node_modules\next\dist\compiled\next-server\app-route-turbo.runtime.dev.js:5:40115)
    at async AppRouteRouteModule.handle (D:\PROJECTS@\AgroInsight\frontend\node_modules\next\dist\compiled\next-server\app-route-turbo.runtime.dev.js:5:47321)
    at async responseGenerator (D:\PROJECTS@\AgroInsight\frontend\.next\dev\server\chunks\node_modules_next_00nxt~t._.js:16460:38)
    at async AppRouteRouteModule.handleResponse (D:\PROJECTS@\AgroInsight\frontend\node_modules\next\dist\compiled\next-server\app-route-turbo.runtime.dev.js:1:227216)
    at async handleResponse (D:\PROJECTS@\AgroInsight\frontend\.next\dev\server\chunks\node_modules_next_00nxt~t._.js:16523:32)
    at async Module.handler (D:\PROJECTS@\AgroInsight\frontend\.next\dev\server\chunks\node_modules_next_00nxt~t._.js:16577:13)
    at async DevServer.renderToResponseWithComponentsImpl (D:\PROJECTS@\AgroInsight\frontend\node_modules\next\dist\server\base-server.js:1454:9)
    at async DevServer.renderPageComponent (D:\PROJECTS@\AgroInsight\frontend\node_modules\next\dist\server\base-server.js:1506:24)
    at async DevServer.renderToResponseImpl (D:\PROJECTS@\AgroInsight\frontend\node_modules\next\dist\server\base-server.js:1556:32)
    at async DevServer.pipeImpl (D:\PROJECTS@\AgroInsight\frontend\node_modules\next\dist\server\base-server.js:1043:25)
    at async NextNodeServer.handleCatchallRenderRequest (D:\PROJECTS@\AgroInsight\frontend\node_modules\next\dist\server\next-server.js:338:17)
    at async DevServer.handleRequestImpl (D:\PROJECTS@\AgroInsight\frontend\node_modules\next\dist\server\base-server.js:934:17)
    at async D:\PROJECTS@\AgroInsight\frontend\node_modules\next\dist\server\dev\next-dev-server.js:394:20
    at async Span.traceAsyncFn (D:\PROJECTS@\AgroInsight\frontend\node_modules\next\dist\trace\trace.js:164:20)
    at async DevServer.handleRequest (D:\PROJECTS@\AgroInsight\frontend\node_modules\next\dist\server\dev\next-dev-server.js:390:24)
    at async invokeRender (D:\PROJECTS@\AgroInsight\frontend\node_modules\next\dist\server\lib\router-server.js:266:21)
    at async handleRequest (D:\PROJECTS@\AgroInsight\frontend\node_modules\next\dist\server\lib\router-server.js:465:24)
    at async requestHandlerImpl (D:\PROJECTS@\AgroInsight\frontend\node_modules\next\dist\server\lib\router-server.js:514:13)
    at async Server.requestListener (D:\PROJECTS@\AgroInsight\frontend\node_modules\next\dist\server\lib\start-server.js:225:13)

[2026-05-23T18:01:00.636Z] Error: Core weather forecast API failed
Stack: Error: Core weather forecast API failed
    at GET (D:\PROJECTS@\AgroInsight\frontend\.next\dev\server\chunks\[root-of-the-server]__0ncj0w.._.js:187:19)
    at process.processTicksAndRejections (node:internal/process/task_queues:95:5)
    at async AppRouteRouteModule.do (D:\PROJECTS@\AgroInsight\frontend\node_modules\next\dist\compiled\next-server\app-route-turbo.runtime.dev.js:5:40115)
    at async AppRouteRouteModule.handle (D:\PROJECTS@\AgroInsight\frontend\node_modules\next\dist\compiled\next-server\app-route-turbo.runtime.dev.js:5:47321)
    at async responseGenerator (D:\PROJECTS@\AgroInsight\frontend\.next\dev\server\chunks\node_modules_next_00nxt~t._.js:16460:38)
    at async AppRouteRouteModule.handleResponse (D:\PROJECTS@\AgroInsight\frontend\node_modules\next\dist\compiled\next-server\app-route-turbo.runtime.dev.js:1:227216)
    at async handleResponse (D:\PROJECTS@\AgroInsight\frontend\.next\dev\server\chunks\node_modules_next_00nxt~t._.js:16523:32)
    at async Module.handler (D:\PROJECTS@\AgroInsight\frontend\.next\dev\server\chunks\node_modules_next_00nxt~t._.js:16577:13)
    at async DevServer.renderToResponseWithComponentsImpl (D:\PROJECTS@\AgroInsight\frontend\node_modules\next\dist\server\base-server.js:1454:9)
    at async DevServer.renderPageComponent (D:\PROJECTS@\AgroInsight\frontend\node_modules\next\dist\server\base-server.js:1506:24)
    at async DevServer.renderToResponseImpl (D:\PROJECTS@\AgroInsight\frontend\node_modules\next\dist\server\base-server.js:1556:32)
    at async DevServer.pipeImpl (D:\PROJECTS@\AgroInsight\frontend\node_modules\next\dist\server\base-server.js:1043:25)
    at async NextNodeServer.handleCatchallRenderRequest (D:\PROJECTS@\AgroInsight\frontend\node_modules\next\dist\server\next-server.js:338:17)
    at async DevServer.handleRequestImpl (D:\PROJECTS@\AgroInsight\frontend\node_modules\next\dist\server\base-server.js:934:17)
    at async D:\PROJECTS@\AgroInsight\frontend\node_modules\next\dist\server\dev\next-dev-server.js:394:20
    at async Span.traceAsyncFn (D:\PROJECTS@\AgroInsight\frontend\node_modules\next\dist\trace\trace.js:164:20)
    at async DevServer.handleRequest (D:\PROJECTS@\AgroInsight\frontend\node_modules\next\dist\server\dev\next-dev-server.js:390:24)
    at async invokeRender (D:\PROJECTS@\AgroInsight\frontend\node_modules\next\dist\server\lib\router-server.js:266:21)
    at async handleRequest (D:\PROJECTS@\AgroInsight\frontend\node_modules\next\dist\server\lib\router-server.js:465:24)
    at async requestHandlerImpl (D:\PROJECTS@\AgroInsight\frontend\node_modules\next\dist\server\lib\router-server.js:514:13)
    at async Server.requestListener (D:\PROJECTS@\AgroInsight\frontend\node_modules\next\dist\server\lib\start-server.js:225:13)

[2026-05-23T18:01:00.970Z] Error: Core weather forecast API failed
Stack: Error: Core weather forecast API failed
    at GET (D:\PROJECTS@\AgroInsight\frontend\.next\dev\server\chunks\[root-of-the-server]__0ncj0w.._.js:187:19)
    at process.processTicksAndRejections (node:internal/process/task_queues:95:5)
    at async AppRouteRouteModule.do (D:\PROJECTS@\AgroInsight\frontend\node_modules\next\dist\compiled\next-server\app-route-turbo.runtime.dev.js:5:40115)
    at async AppRouteRouteModule.handle (D:\PROJECTS@\AgroInsight\frontend\node_modules\next\dist\compiled\next-server\app-route-turbo.runtime.dev.js:5:47321)
    at async responseGenerator (D:\PROJECTS@\AgroInsight\frontend\.next\dev\server\chunks\node_modules_next_00nxt~t._.js:16460:38)
    at async AppRouteRouteModule.handleResponse (D:\PROJECTS@\AgroInsight\frontend\node_modules\next\dist\compiled\next-server\app-route-turbo.runtime.dev.js:1:227216)
    at async handleResponse (D:\PROJECTS@\AgroInsight\frontend\.next\dev\server\chunks\node_modules_next_00nxt~t._.js:16523:32)
    at async Module.handler (D:\PROJECTS@\AgroInsight\frontend\.next\dev\server\chunks\node_modules_next_00nxt~t._.js:16577:13)
    at async DevServer.renderToResponseWithComponentsImpl (D:\PROJECTS@\AgroInsight\frontend\node_modules\next\dist\server\base-server.js:1454:9)
    at async DevServer.renderPageComponent (D:\PROJECTS@\AgroInsight\frontend\node_modules\next\dist\server\base-server.js:1506:24)
    at async DevServer.renderToResponseImpl (D:\PROJECTS@\AgroInsight\frontend\node_modules\next\dist\server\base-server.js:1556:32)
    at async DevServer.pipeImpl (D:\PROJECTS@\AgroInsight\frontend\node_modules\next\dist\server\base-server.js:1043:25)
    at async NextNodeServer.handleCatchallRenderRequest (D:\PROJECTS@\AgroInsight\frontend\node_modules\next\dist\server\next-server.js:338:17)
    at async DevServer.handleRequestImpl (D:\PROJECTS@\AgroInsight\frontend\node_modules\next\dist\server\base-server.js:934:17)
    at async D:\PROJECTS@\AgroInsight\frontend\node_modules\next\dist\server\dev\next-dev-server.js:394:20
    at async Span.traceAsyncFn (D:\PROJECTS@\AgroInsight\frontend\node_modules\next\dist\trace\trace.js:164:20)
    at async DevServer.handleRequest (D:\PROJECTS@\AgroInsight\frontend\node_modules\next\dist\server\dev\next-dev-server.js:390:24)
    at async invokeRender (D:\PROJECTS@\AgroInsight\frontend\node_modules\next\dist\server\lib\router-server.js:266:21)
    at async handleRequest (D:\PROJECTS@\AgroInsight\frontend\node_modules\next\dist\server\lib\router-server.js:465:24)
    at async requestHandlerImpl (D:\PROJECTS@\AgroInsight\frontend\node_modules\next\dist\server\lib\router-server.js:514:13)
    at async Server.requestListener (D:\PROJECTS@\AgroInsight\frontend\node_modules\next\dist\server\lib\start-server.js:225:13)

[2026-05-23T18:01:05.516Z] Error: Core weather forecast API failed
Stack: Error: Core weather forecast API failed
    at GET (D:\PROJECTS@\AgroInsight\frontend\.next\dev\server\chunks\[root-of-the-server]__0ncj0w.._.js:187:19)
    at processTicksAndRejections (node:internal/process/task_queues:95:5)
    at runNextTicks (node:internal/process/task_queues:64:3)
    at process.processTimers (node:internal/timers:516:9)
    at async AppRouteRouteModule.do (D:\PROJECTS@\AgroInsight\frontend\node_modules\next\dist\compiled\next-server\app-route-turbo.runtime.dev.js:5:40115)
    at async AppRouteRouteModule.handle (D:\PROJECTS@\AgroInsight\frontend\node_modules\next\dist\compiled\next-server\app-route-turbo.runtime.dev.js:5:47321)
    at async responseGenerator (D:\PROJECTS@\AgroInsight\frontend\.next\dev\server\chunks\node_modules_next_00nxt~t._.js:16460:38)
    at async AppRouteRouteModule.handleResponse (D:\PROJECTS@\AgroInsight\frontend\node_modules\next\dist\compiled\next-server\app-route-turbo.runtime.dev.js:1:227216)
    at async handleResponse (D:\PROJECTS@\AgroInsight\frontend\.next\dev\server\chunks\node_modules_next_00nxt~t._.js:16523:32)
    at async Module.handler (D:\PROJECTS@\AgroInsight\frontend\.next\dev\server\chunks\node_modules_next_00nxt~t._.js:16577:13)
    at async DevServer.renderToResponseWithComponentsImpl (D:\PROJECTS@\AgroInsight\frontend\node_modules\next\dist\server\base-server.js:1454:9)
    at async DevServer.renderPageComponent (D:\PROJECTS@\AgroInsight\frontend\node_modules\next\dist\server\base-server.js:1506:24)
    at async DevServer.renderToResponseImpl (D:\PROJECTS@\AgroInsight\frontend\node_modules\next\dist\server\base-server.js:1556:32)
    at async DevServer.pipeImpl (D:\PROJECTS@\AgroInsight\frontend\node_modules\next\dist\server\base-server.js:1043:25)
    at async NextNodeServer.handleCatchallRenderRequest (D:\PROJECTS@\AgroInsight\frontend\node_modules\next\dist\server\next-server.js:338:17)
    at async DevServer.handleRequestImpl (D:\PROJECTS@\AgroInsight\frontend\node_modules\next\dist\server\base-server.js:934:17)
    at async D:\PROJECTS@\AgroInsight\frontend\node_modules\next\dist\server\dev\next-dev-server.js:394:20
    at async Span.traceAsyncFn (D:\PROJECTS@\AgroInsight\frontend\node_modules\next\dist\trace\trace.js:164:20)
    at async DevServer.handleRequest (D:\PROJECTS@\AgroInsight\frontend\node_modules\next\dist\server\dev\next-dev-server.js:390:24)
    at async invokeRender (D:\PROJECTS@\AgroInsight\frontend\node_modules\next\dist\server\lib\router-server.js:266:21)
    at async handleRequest (D:\PROJECTS@\AgroInsight\frontend\node_modules\next\dist\server\lib\router-server.js:465:24)
    at async requestHandlerImpl (D:\PROJECTS@\AgroInsight\frontend\node_modules\next\dist\server\lib\router-server.js:514:13)
    at async Server.requestListener (D:\PROJECTS@\AgroInsight\frontend\node_modules\next\dist\server\lib\start-server.js:225:13)

[2026-05-23T18:01:05.559Z] Error: Core weather forecast API failed
Stack: Error: Core weather forecast API failed
    at GET (D:\PROJECTS@\AgroInsight\frontend\.next\dev\server\chunks\[root-of-the-server]__0ncj0w.._.js:187:19)
    at process.processTicksAndRejections (node:internal/process/task_queues:95:5)
    at async AppRouteRouteModule.do (D:\PROJECTS@\AgroInsight\frontend\node_modules\next\dist\compiled\next-server\app-route-turbo.runtime.dev.js:5:40115)
    at async AppRouteRouteModule.handle (D:\PROJECTS@\AgroInsight\frontend\node_modules\next\dist\compiled\next-server\app-route-turbo.runtime.dev.js:5:47321)
    at async responseGenerator (D:\PROJECTS@\AgroInsight\frontend\.next\dev\server\chunks\node_modules_next_00nxt~t._.js:16460:38)
    at async AppRouteRouteModule.handleResponse (D:\PROJECTS@\AgroInsight\frontend\node_modules\next\dist\compiled\next-server\app-route-turbo.runtime.dev.js:1:227216)
    at async handleResponse (D:\PROJECTS@\AgroInsight\frontend\.next\dev\server\chunks\node_modules_next_00nxt~t._.js:16523:32)
    at async Module.handler (D:\PROJECTS@\AgroInsight\frontend\.next\dev\server\chunks\node_modules_next_00nxt~t._.js:16577:13)
    at async DevServer.renderToResponseWithComponentsImpl (D:\PROJECTS@\AgroInsight\frontend\node_modules\next\dist\server\base-server.js:1454:9)
    at async DevServer.renderPageComponent (D:\PROJECTS@\AgroInsight\frontend\node_modules\next\dist\server\base-server.js:1506:24)
    at async DevServer.renderToResponseImpl (D:\PROJECTS@\AgroInsight\frontend\node_modules\next\dist\server\base-server.js:1556:32)
    at async DevServer.pipeImpl (D:\PROJECTS@\AgroInsight\frontend\node_modules\next\dist\server\base-server.js:1043:25)
    at async NextNodeServer.handleCatchallRenderRequest (D:\PROJECTS@\AgroInsight\frontend\node_modules\next\dist\server\next-server.js:338:17)
    at async DevServer.handleRequestImpl (D:\PROJECTS@\AgroInsight\frontend\node_modules\next\dist\server\base-server.js:934:17)
    at async D:\PROJECTS@\AgroInsight\frontend\node_modules\next\dist\server\dev\next-dev-server.js:394:20
    at async Span.traceAsyncFn (D:\PROJECTS@\AgroInsight\frontend\node_modules\next\dist\trace\trace.js:164:20)
    at async DevServer.handleRequest (D:\PROJECTS@\AgroInsight\frontend\node_modules\next\dist\server\dev\next-dev-server.js:390:24)
    at async invokeRender (D:\PROJECTS@\AgroInsight\frontend\node_modules\next\dist\server\lib\router-server.js:266:21)
    at async handleRequest (D:\PROJECTS@\AgroInsight\frontend\node_modules\next\dist\server\lib\router-server.js:465:24)
    at async requestHandlerImpl (D:\PROJECTS@\AgroInsight\frontend\node_modules\next\dist\server\lib\router-server.js:514:13)
    at async Server.requestListener (D:\PROJECTS@\AgroInsight\frontend\node_modules\next\dist\server\lib\start-server.js:225:13)

[2026-05-23T18:01:05.621Z] Error: Core weather forecast API failed
Stack: Error: Core weather forecast API failed
    at GET (D:\PROJECTS@\AgroInsight\frontend\.next\dev\server\chunks\[root-of-the-server]__0ncj0w.._.js:187:19)
    at process.processTicksAndRejections (node:internal/process/task_queues:95:5)
    at async AppRouteRouteModule.do (D:\PROJECTS@\AgroInsight\frontend\node_modules\next\dist\compiled\next-server\app-route-turbo.runtime.dev.js:5:40115)
    at async AppRouteRouteModule.handle (D:\PROJECTS@\AgroInsight\frontend\node_modules\next\dist\compiled\next-server\app-route-turbo.runtime.dev.js:5:47321)
    at async responseGenerator (D:\PROJECTS@\AgroInsight\frontend\.next\dev\server\chunks\node_modules_next_00nxt~t._.js:16460:38)
    at async AppRouteRouteModule.handleResponse (D:\PROJECTS@\AgroInsight\frontend\node_modules\next\dist\compiled\next-server\app-route-turbo.runtime.dev.js:1:227216)
    at async handleResponse (D:\PROJECTS@\AgroInsight\frontend\.next\dev\server\chunks\node_modules_next_00nxt~t._.js:16523:32)
    at async Module.handler (D:\PROJECTS@\AgroInsight\frontend\.next\dev\server\chunks\node_modules_next_00nxt~t._.js:16577:13)
    at async DevServer.renderToResponseWithComponentsImpl (D:\PROJECTS@\AgroInsight\frontend\node_modules\next\dist\server\base-server.js:1454:9)
    at async DevServer.renderPageComponent (D:\PROJECTS@\AgroInsight\frontend\node_modules\next\dist\server\base-server.js:1506:24)
    at async DevServer.renderToResponseImpl (D:\PROJECTS@\AgroInsight\frontend\node_modules\next\dist\server\base-server.js:1556:32)
    at async DevServer.pipeImpl (D:\PROJECTS@\AgroInsight\frontend\node_modules\next\dist\server\base-server.js:1043:25)
    at async NextNodeServer.handleCatchallRenderRequest (D:\PROJECTS@\AgroInsight\frontend\node_modules\next\dist\server\next-server.js:338:17)
    at async DevServer.handleRequestImpl (D:\PROJECTS@\AgroInsight\frontend\node_modules\next\dist\server\base-server.js:934:17)
    at async D:\PROJECTS@\AgroInsight\frontend\node_modules\next\dist\server\dev\next-dev-server.js:394:20
    at async Span.traceAsyncFn (D:\PROJECTS@\AgroInsight\frontend\node_modules\next\dist\trace\trace.js:164:20)
    at async DevServer.handleRequest (D:\PROJECTS@\AgroInsight\frontend\node_modules\next\dist\server\dev\next-dev-server.js:390:24)
    at async invokeRender (D:\PROJECTS@\AgroInsight\frontend\node_modules\next\dist\server\lib\router-server.js:266:21)
    at async handleRequest (D:\PROJECTS@\AgroInsight\frontend\node_modules\next\dist\server\lib\router-server.js:465:24)
    at async requestHandlerImpl (D:\PROJECTS@\AgroInsight\frontend\node_modules\next\dist\server\lib\router-server.js:514:13)
    at async Server.requestListener (D:\PROJECTS@\AgroInsight\frontend\node_modules\next\dist\server\lib\start-server.js:225:13)

[2026-05-23T18:01:05.695Z] Error: Core weather forecast API failed
Stack: Error: Core weather forecast API failed
    at GET (D:\PROJECTS@\AgroInsight\frontend\.next\dev\server\chunks\[root-of-the-server]__0ncj0w.._.js:187:19)
    at process.processTicksAndRejections (node:internal/process/task_queues:95:5)
    at async AppRouteRouteModule.do (D:\PROJECTS@\AgroInsight\frontend\node_modules\next\dist\compiled\next-server\app-route-turbo.runtime.dev.js:5:40115)
    at async AppRouteRouteModule.handle (D:\PROJECTS@\AgroInsight\frontend\node_modules\next\dist\compiled\next-server\app-route-turbo.runtime.dev.js:5:47321)
    at async responseGenerator (D:\PROJECTS@\AgroInsight\frontend\.next\dev\server\chunks\node_modules_next_00nxt~t._.js:16460:38)
    at async AppRouteRouteModule.handleResponse (D:\PROJECTS@\AgroInsight\frontend\node_modules\next\dist\compiled\next-server\app-route-turbo.runtime.dev.js:1:227216)
    at async handleResponse (D:\PROJECTS@\AgroInsight\frontend\.next\dev\server\chunks\node_modules_next_00nxt~t._.js:16523:32)
    at async Module.handler (D:\PROJECTS@\AgroInsight\frontend\.next\dev\server\chunks\node_modules_next_00nxt~t._.js:16577:13)
    at async DevServer.renderToResponseWithComponentsImpl (D:\PROJECTS@\AgroInsight\frontend\node_modules\next\dist\server\base-server.js:1454:9)
    at async DevServer.renderPageComponent (D:\PROJECTS@\AgroInsight\frontend\node_modules\next\dist\server\base-server.js:1506:24)
    at async DevServer.renderToResponseImpl (D:\PROJECTS@\AgroInsight\frontend\node_modules\next\dist\server\base-server.js:1556:32)
    at async DevServer.pipeImpl (D:\PROJECTS@\AgroInsight\frontend\node_modules\next\dist\server\base-server.js:1043:25)
    at async NextNodeServer.handleCatchallRenderRequest (D:\PROJECTS@\AgroInsight\frontend\node_modules\next\dist\server\next-server.js:338:17)
    at async DevServer.handleRequestImpl (D:\PROJECTS@\AgroInsight\frontend\node_modules\next\dist\server\base-server.js:934:17)
    at async D:\PROJECTS@\AgroInsight\frontend\node_modules\next\dist\server\dev\next-dev-server.js:394:20
    at async Span.traceAsyncFn (D:\PROJECTS@\AgroInsight\frontend\node_modules\next\dist\trace\trace.js:164:20)
    at async DevServer.handleRequest (D:\PROJECTS@\AgroInsight\frontend\node_modules\next\dist\server\dev\next-dev-server.js:390:24)
    at async invokeRender (D:\PROJECTS@\AgroInsight\frontend\node_modules\next\dist\server\lib\router-server.js:266:21)
    at async handleRequest (D:\PROJECTS@\AgroInsight\frontend\node_modules\next\dist\server\lib\router-server.js:465:24)
    at async requestHandlerImpl (D:\PROJECTS@\AgroInsight\frontend\node_modules\next\dist\server\lib\router-server.js:514:13)
    at async Server.requestListener (D:\PROJECTS@\AgroInsight\frontend\node_modules\next\dist\server\lib\start-server.js:225:13)

[2026-05-23T18:01:05.847Z] Error: Core weather forecast API failed
Stack: Error: Core weather forecast API failed
    at GET (D:\PROJECTS@\AgroInsight\frontend\.next\dev\server\chunks\[root-of-the-server]__0ncj0w.._.js:187:19)
    at process.processTicksAndRejections (node:internal/process/task_queues:95:5)
    at async AppRouteRouteModule.do (D:\PROJECTS@\AgroInsight\frontend\node_modules\next\dist\compiled\next-server\app-route-turbo.runtime.dev.js:5:40115)
    at async AppRouteRouteModule.handle (D:\PROJECTS@\AgroInsight\frontend\node_modules\next\dist\compiled\next-server\app-route-turbo.runtime.dev.js:5:47321)
    at async responseGenerator (D:\PROJECTS@\AgroInsight\frontend\.next\dev\server\chunks\node_modules_next_00nxt~t._.js:16460:38)
    at async AppRouteRouteModule.handleResponse (D:\PROJECTS@\AgroInsight\frontend\node_modules\next\dist\compiled\next-server\app-route-turbo.runtime.dev.js:1:227216)
    at async handleResponse (D:\PROJECTS@\AgroInsight\frontend\.next\dev\server\chunks\node_modules_next_00nxt~t._.js:16523:32)
    at async Module.handler (D:\PROJECTS@\AgroInsight\frontend\.next\dev\server\chunks\node_modules_next_00nxt~t._.js:16577:13)
    at async DevServer.renderToResponseWithComponentsImpl (D:\PROJECTS@\AgroInsight\frontend\node_modules\next\dist\server\base-server.js:1454:9)
    at async DevServer.renderPageComponent (D:\PROJECTS@\AgroInsight\frontend\node_modules\next\dist\server\base-server.js:1506:24)
    at async DevServer.renderToResponseImpl (D:\PROJECTS@\AgroInsight\frontend\node_modules\next\dist\server\base-server.js:1556:32)
    at async DevServer.pipeImpl (D:\PROJECTS@\AgroInsight\frontend\node_modules\next\dist\server\base-server.js:1043:25)
    at async NextNodeServer.handleCatchallRenderRequest (D:\PROJECTS@\AgroInsight\frontend\node_modules\next\dist\server\next-server.js:338:17)
    at async DevServer.handleRequestImpl (D:\PROJECTS@\AgroInsight\frontend\node_modules\next\dist\server\base-server.js:934:17)
    at async D:\PROJECTS@\AgroInsight\frontend\node_modules\next\dist\server\dev\next-dev-server.js:394:20
    at async Span.traceAsyncFn (D:\PROJECTS@\AgroInsight\frontend\node_modules\next\dist\trace\trace.js:164:20)
    at async DevServer.handleRequest (D:\PROJECTS@\AgroInsight\frontend\node_modules\next\dist\server\dev\next-dev-server.js:390:24)
    at async invokeRender (D:\PROJECTS@\AgroInsight\frontend\node_modules\next\dist\server\lib\router-server.js:266:21)
    at async handleRequest (D:\PROJECTS@\AgroInsight\frontend\node_modules\next\dist\server\lib\router-server.js:465:24)
    at async requestHandlerImpl (D:\PROJECTS@\AgroInsight\frontend\node_modules\next\dist\server\lib\router-server.js:514:13)
    at async Server.requestListener (D:\PROJECTS@\AgroInsight\frontend\node_modules\next\dist\server\lib\start-server.js:225:13)

[2026-05-23T18:01:06.648Z] Error: Core weather forecast API failed
Stack: Error: Core weather forecast API failed
    at GET (D:\PROJECTS@\AgroInsight\frontend\.next\dev\server\chunks\[root-of-the-server]__0ncj0w.._.js:187:19)
    at process.processTicksAndRejections (node:internal/process/task_queues:95:5)
    at async AppRouteRouteModule.do (D:\PROJECTS@\AgroInsight\frontend\node_modules\next\dist\compiled\next-server\app-route-turbo.runtime.dev.js:5:40115)
    at async AppRouteRouteModule.handle (D:\PROJECTS@\AgroInsight\frontend\node_modules\next\dist\compiled\next-server\app-route-turbo.runtime.dev.js:5:47321)
    at async responseGenerator (D:\PROJECTS@\AgroInsight\frontend\.next\dev\server\chunks\node_modules_next_00nxt~t._.js:16460:38)
    at async AppRouteRouteModule.handleResponse (D:\PROJECTS@\AgroInsight\frontend\node_modules\next\dist\compiled\next-server\app-route-turbo.runtime.dev.js:1:227216)
    at async handleResponse (D:\PROJECTS@\AgroInsight\frontend\.next\dev\server\chunks\node_modules_next_00nxt~t._.js:16523:32)
    at async Module.handler (D:\PROJECTS@\AgroInsight\frontend\.next\dev\server\chunks\node_modules_next_00nxt~t._.js:16577:13)
    at async DevServer.renderToResponseWithComponentsImpl (D:\PROJECTS@\AgroInsight\frontend\node_modules\next\dist\server\base-server.js:1454:9)
    at async DevServer.renderPageComponent (D:\PROJECTS@\AgroInsight\frontend\node_modules\next\dist\server\base-server.js:1506:24)
    at async DevServer.renderToResponseImpl (D:\PROJECTS@\AgroInsight\frontend\node_modules\next\dist\server\base-server.js:1556:32)
    at async DevServer.pipeImpl (D:\PROJECTS@\AgroInsight\frontend\node_modules\next\dist\server\base-server.js:1043:25)
    at async NextNodeServer.handleCatchallRenderRequest (D:\PROJECTS@\AgroInsight\frontend\node_modules\next\dist\server\next-server.js:338:17)
    at async DevServer.handleRequestImpl (D:\PROJECTS@\AgroInsight\frontend\node_modules\next\dist\server\base-server.js:934:17)
    at async D:\PROJECTS@\AgroInsight\frontend\node_modules\next\dist\server\dev\next-dev-server.js:394:20
    at async Span.traceAsyncFn (D:\PROJECTS@\AgroInsight\frontend\node_modules\next\dist\trace\trace.js:164:20)
    at async DevServer.handleRequest (D:\PROJECTS@\AgroInsight\frontend\node_modules\next\dist\server\dev\next-dev-server.js:390:24)
    at async invokeRender (D:\PROJECTS@\AgroInsight\frontend\node_modules\next\dist\server\lib\router-server.js:266:21)
    at async handleRequest (D:\PROJECTS@\AgroInsight\frontend\node_modules\next\dist\server\lib\router-server.js:465:24)
    at async requestHandlerImpl (D:\PROJECTS@\AgroInsight\frontend\node_modules\next\dist\server\lib\router-server.js:514:13)
    at async Server.requestListener (D:\PROJECTS@\AgroInsight\frontend\node_modules\next\dist\server\lib\start-server.js:225:13)

[2026-05-23T18:01:10.477Z] Error: Core weather forecast API failed
Stack: Error: Core weather forecast API failed
    at GET (D:\PROJECTS@\AgroInsight\frontend\.next\dev\server\chunks\[root-of-the-server]__0ncj0w.._.js:187:19)
    at process.processTicksAndRejections (node:internal/process/task_queues:95:5)
    at async AppRouteRouteModule.do (D:\PROJECTS@\AgroInsight\frontend\node_modules\next\dist\compiled\next-server\app-route-turbo.runtime.dev.js:5:40115)
    at async AppRouteRouteModule.handle (D:\PROJECTS@\AgroInsight\frontend\node_modules\next\dist\compiled\next-server\app-route-turbo.runtime.dev.js:5:47321)
    at async responseGenerator (D:\PROJECTS@\AgroInsight\frontend\.next\dev\server\chunks\node_modules_next_00nxt~t._.js:16460:38)
    at async AppRouteRouteModule.handleResponse (D:\PROJECTS@\AgroInsight\frontend\node_modules\next\dist\compiled\next-server\app-route-turbo.runtime.dev.js:1:227216)
    at async handleResponse (D:\PROJECTS@\AgroInsight\frontend\.next\dev\server\chunks\node_modules_next_00nxt~t._.js:16523:32)
    at async Module.handler (D:\PROJECTS@\AgroInsight\frontend\.next\dev\server\chunks\node_modules_next_00nxt~t._.js:16577:13)
    at async DevServer.renderToResponseWithComponentsImpl (D:\PROJECTS@\AgroInsight\frontend\node_modules\next\dist\server\base-server.js:1454:9)
    at async DevServer.renderPageComponent (D:\PROJECTS@\AgroInsight\frontend\node_modules\next\dist\server\base-server.js:1506:24)
    at async DevServer.renderToResponseImpl (D:\PROJECTS@\AgroInsight\frontend\node_modules\next\dist\server\base-server.js:1556:32)
    at async DevServer.pipeImpl (D:\PROJECTS@\AgroInsight\frontend\node_modules\next\dist\server\base-server.js:1043:25)
    at async NextNodeServer.handleCatchallRenderRequest (D:\PROJECTS@\AgroInsight\frontend\node_modules\next\dist\server\next-server.js:338:17)
    at async DevServer.handleRequestImpl (D:\PROJECTS@\AgroInsight\frontend\node_modules\next\dist\server\base-server.js:934:17)
    at async D:\PROJECTS@\AgroInsight\frontend\node_modules\next\dist\server\dev\next-dev-server.js:394:20
    at async Span.traceAsyncFn (D:\PROJECTS@\AgroInsight\frontend\node_modules\next\dist\trace\trace.js:164:20)
    at async DevServer.handleRequest (D:\PROJECTS@\AgroInsight\frontend\node_modules\next\dist\server\dev\next-dev-server.js:390:24)
    at async invokeRender (D:\PROJECTS@\AgroInsight\frontend\node_modules\next\dist\server\lib\router-server.js:266:21)
    at async handleRequest (D:\PROJECTS@\AgroInsight\frontend\node_modules\next\dist\server\lib\router-server.js:465:24)
    at async requestHandlerImpl (D:\PROJECTS@\AgroInsight\frontend\node_modules\next\dist\server\lib\router-server.js:514:13)
    at async Server.requestListener (D:\PROJECTS@\AgroInsight\frontend\node_modules\next\dist\server\lib\start-server.js:225:13)

